Archive member included because of file (symbol)

c:/program files (x86)/atmel/avr studio 5.0/avr toolchain/bin/../lib/gcc/avr/4.5.1/avr4\libgcc.a(_divmodhi4.o)
                              main.o (__divmodhi4)
c:/program files (x86)/atmel/avr studio 5.0/avr toolchain/bin/../lib/gcc/avr/4.5.1/avr4\libgcc.a(_exit.o)
                              c:/program files (x86)/atmel/avr studio 5.0/avr toolchain/bin/../lib/gcc/avr/4.5.1/../../../../avr/lib/avr4/crtm88.o (exit)
c:/program files (x86)/atmel/avr studio 5.0/avr toolchain/bin/../lib/gcc/avr/4.5.1/avr4\libgcc.a(_copy_data.o)
                              Segments.o (__do_copy_data)
c:/program files (x86)/atmel/avr studio 5.0/avr toolchain/bin/../lib/gcc/avr/4.5.1/avr4\libgcc.a(_clear_bss.o)
                              Callbacks.o (__do_clear_bss)
c:/program files (x86)/atmel/avr studio 5.0/avr toolchain/bin/../lib/gcc/avr/4.5.1/avr4\libgcc.a(_udivmodhi4.o)
                              c:/program files (x86)/atmel/avr studio 5.0/avr toolchain/bin/../lib/gcc/avr/4.5.1/avr4\libgcc.a(_divmodhi4.o) (__udivmodhi4)

Allocating common symbols
Common symbol       size              file

ID_bouton           0x1               main.o
segment_a_afficher  0x1               main.o
My_CB               0x14              Callbacks.o
nombre1             0x2               main.o
tmp_int             0x1               Callbacks.o
ID_clignotement_rapide
                    0x1               main.o
ID_relais           0x1               main.o
ID_clignotement     0x1               main.o
nbr                 0x2               Segments.o
nombre2             0x2               main.o
nombre0             0x2               main.o
nombre3             0x2               main.o
Time_CB             0x14              Callbacks.o
TICK_CB             0x14              Callbacks.o
ID_segments         0x1               main.o

Memory Configuration

Name             Origin             Length             Attributes
text             0x00000000         0x00002000         xr
data             0x00800060         0x0000ffa0         rw !x
eeprom           0x00810000         0x00010000         rw !x
fuse             0x00820000         0x00000400         rw !x
lock             0x00830000         0x00000400         rw !x
signature        0x00840000         0x00000400         rw !x
*default*        0x00000000         0xffffffff

Linker script and memory map

Address of section .data set to 0x800100
LOAD c:/program files (x86)/atmel/avr studio 5.0/avr toolchain/bin/../lib/gcc/avr/4.5.1/../../../../avr/lib/avr4/crtm88.o
LOAD Callbacks.o
LOAD Segments.o
LOAD main.o
LOAD TIMERS.o
LOAD c:/program files (x86)/atmel/avr studio 5.0/avr toolchain/bin/../lib/gcc/avr/4.5.1/avr4\libgcc.a
LOAD c:/program files (x86)/atmel/avr studio 5.0/avr toolchain/bin/../lib/gcc/avr/4.5.1/../../../../avr/lib/avr4\libc.a
LOAD c:/program files (x86)/atmel/avr studio 5.0/avr toolchain/bin/../lib/gcc/avr/4.5.1/avr4\libgcc.a

.hash
 *(.hash)

.dynsym
 *(.dynsym)

.dynstr
 *(.dynstr)

.gnu.version
 *(.gnu.version)

.gnu.version_d
 *(.gnu.version_d)

.gnu.version_r
 *(.gnu.version_r)

.rel.init
 *(.rel.init)

.rela.init
 *(.rela.init)

.rel.text
 *(.rel.text)
 *(.rel.text.*)
 *(.rel.gnu.linkonce.t*)

.rela.text
 *(.rela.text)
 *(.rela.text.*)
 *(.rela.gnu.linkonce.t*)

.rel.fini
 *(.rel.fini)

.rela.fini
 *(.rela.fini)

.rel.rodata
 *(.rel.rodata)
 *(.rel.rodata.*)
 *(.rel.gnu.linkonce.r*)

.rela.rodata
 *(.rela.rodata)
 *(.rela.rodata.*)
 *(.rela.gnu.linkonce.r*)

.rel.data
 *(.rel.data)
 *(.rel.data.*)
 *(.rel.gnu.linkonce.d*)

.rela.data
 *(.rela.data)
 *(.rela.data.*)
 *(.rela.gnu.linkonce.d*)

.rel.ctors
 *(.rel.ctors)

.rela.ctors
 *(.rela.ctors)

.rel.dtors
 *(.rel.dtors)

.rela.dtors
 *(.rela.dtors)

.rel.got
 *(.rel.got)

.rela.got
 *(.rela.got)

.rel.bss
 *(.rel.bss)

.rela.bss
 *(.rela.bss)

.rel.plt
 *(.rel.plt)

.rela.plt
 *(.rela.plt)

.text           0x00000000      0x7d8
 *(.vectors)
 .vectors       0x00000000       0x34 c:/program files (x86)/atmel/avr studio 5.0/avr toolchain/bin/../lib/gcc/avr/4.5.1/../../../../avr/lib/avr4/crtm88.o
                0x00000000                __vector_default
                0x00000000                __vectors
 *(.vectors)
 *(.progmem.gcc*)
 .progmem.gcc_sw_table
                0x00000034       0x14 Segments.o
 *(.progmem*)
                0x00000048                . = ALIGN (0x2)
                0x00000048                __trampolines_start = .
 *(.trampolines)
 .trampolines   0x00000048        0x0 linker stubs
 *(.trampolines*)
                0x00000048                __trampolines_end = .
 *(.jumptables)
 *(.jumptables*)
 *(.lowtext)
 *(.lowtext*)
                0x00000048                __ctors_start = .
 *(.ctors)
                0x00000048                __ctors_end = .
                0x00000048                __dtors_start = .
 *(.dtors)
                0x00000048                __dtors_end = .
 SORT(*)(.ctors)
 SORT(*)(.dtors)
 *(.init0)
 .init0         0x00000048        0x0 c:/program files (x86)/atmel/avr studio 5.0/avr toolchain/bin/../lib/gcc/avr/4.5.1/../../../../avr/lib/avr4/crtm88.o
                0x00000048                __init
 *(.init0)
 *(.init1)
 *(.init1)
 *(.init2)
 .init2         0x00000048        0xc c:/program files (x86)/atmel/avr studio 5.0/avr toolchain/bin/../lib/gcc/avr/4.5.1/../../../../avr/lib/avr4/crtm88.o
 *(.init2)
 *(.init3)
 *(.init3)
 *(.init4)
 .init4         0x00000054       0x16 c:/program files (x86)/atmel/avr studio 5.0/avr toolchain/bin/../lib/gcc/avr/4.5.1/avr4\libgcc.a(_copy_data.o)
                0x00000054                __do_copy_data
 .init4         0x0000006a       0x10 c:/program files (x86)/atmel/avr studio 5.0/avr toolchain/bin/../lib/gcc/avr/4.5.1/avr4\libgcc.a(_clear_bss.o)
                0x0000006a                __do_clear_bss
 *(.init4)
 *(.init5)
 *(.init5)
 *(.init6)
 *(.init6)
 *(.init7)
 *(.init7)
 *(.init8)
 *(.init8)
 *(.init9)
 .init9         0x0000007a        0x4 c:/program files (x86)/atmel/avr studio 5.0/avr toolchain/bin/../lib/gcc/avr/4.5.1/../../../../avr/lib/avr4/crtm88.o
 *(.init9)
 *(.text)
 .text          0x0000007e        0x2 c:/program files (x86)/atmel/avr studio 5.0/avr toolchain/bin/../lib/gcc/avr/4.5.1/../../../../avr/lib/avr4/crtm88.o
                0x0000007e                __vector_22
                0x0000007e                __vector_24
                0x0000007e                __vector_12
                0x0000007e                __bad_interrupt
                0x0000007e                __vector_6
                0x0000007e                __vector_3
                0x0000007e                __vector_23
                0x0000007e                __vector_25
                0x0000007e                __vector_13
                0x0000007e                __vector_17
                0x0000007e                __vector_19
                0x0000007e                __vector_7
                0x0000007e                __vector_5
                0x0000007e                __vector_4
                0x0000007e                __vector_9
                0x0000007e                __vector_2
                0x0000007e                __vector_21
                0x0000007e                __vector_15
                0x0000007e                __vector_8
                0x0000007e                __vector_14
                0x0000007e                __vector_10
                0x0000007e                __vector_16
                0x0000007e                __vector_18
                0x0000007e                __vector_20
 .text          0x00000080      0x26e Callbacks.o
                0x00000080                Callbacks_Init
                0x000000ca                Callbacks_Record_Timer
                0x00000170                Callbacks_Remove_Timer
                0x000001b8                callbacks_Start
                0x0000024a                __vector_11
                0x000002c4                __vector_1
 .text          0x000002ee       0xba Segments.o
                0x000002ee                segnbr
 .text          0x000003a8      0x3a2 main.o
                0x000003a8                main
                0x000003ea                bouton
                0x00000432                relais
                0x00000450                clignotement_rapide
                0x0000047e                clignotement
                0x000004f4                segments
                0x000006fa                hardware_Init
 .text          0x0000074a       0x3c TIMERS.o
                0x0000074a                TIMER0_Init_1ms
 .text          0x00000786        0x0 c:/program files (x86)/atmel/avr studio 5.0/avr toolchain/bin/../lib/gcc/avr/4.5.1/avr4\libgcc.a(_divmodhi4.o)
 .text          0x00000786        0x0 c:/program files (x86)/atmel/avr studio 5.0/avr toolchain/bin/../lib/gcc/avr/4.5.1/avr4\libgcc.a(_exit.o)
 .text          0x00000786        0x0 c:/program files (x86)/atmel/avr studio 5.0/avr toolchain/bin/../lib/gcc/avr/4.5.1/avr4\libgcc.a(_copy_data.o)
 .text          0x00000786        0x0 c:/program files (x86)/atmel/avr studio 5.0/avr toolchain/bin/../lib/gcc/avr/4.5.1/avr4\libgcc.a(_clear_bss.o)
 .text          0x00000786        0x0 c:/program files (x86)/atmel/avr studio 5.0/avr toolchain/bin/../lib/gcc/avr/4.5.1/avr4\libgcc.a(_udivmodhi4.o)
                0x00000786                . = ALIGN (0x2)
 *(.text.*)
 .text.libgcc   0x00000786       0x26 c:/program files (x86)/atmel/avr studio 5.0/avr toolchain/bin/../lib/gcc/avr/4.5.1/avr4\libgcc.a(_divmodhi4.o)
                0x00000786                _div
                0x00000786                __divmodhi4
 .text.libgcc   0x000007ac        0x0 c:/program files (x86)/atmel/avr studio 5.0/avr toolchain/bin/../lib/gcc/avr/4.5.1/avr4\libgcc.a(_exit.o)
 .text.libgcc   0x000007ac        0x0 c:/program files (x86)/atmel/avr studio 5.0/avr toolchain/bin/../lib/gcc/avr/4.5.1/avr4\libgcc.a(_copy_data.o)
 .text.libgcc   0x000007ac        0x0 c:/program files (x86)/atmel/avr studio 5.0/avr toolchain/bin/../lib/gcc/avr/4.5.1/avr4\libgcc.a(_clear_bss.o)
 .text.libgcc   0x000007ac       0x28 c:/program files (x86)/atmel/avr studio 5.0/avr toolchain/bin/../lib/gcc/avr/4.5.1/avr4\libgcc.a(_udivmodhi4.o)
                0x000007ac                __udivmodhi4
                0x000007d4                . = ALIGN (0x2)
 *(.fini9)
 .fini9         0x000007d4        0x0 c:/program files (x86)/atmel/avr studio 5.0/avr toolchain/bin/../lib/gcc/avr/4.5.1/avr4\libgcc.a(_exit.o)
                0x000007d4                _exit
                0x000007d4                exit
 *(.fini9)
 *(.fini8)
 *(.fini8)
 *(.fini7)
 *(.fini7)
 *(.fini6)
 *(.fini6)
 *(.fini5)
 *(.fini5)
 *(.fini4)
 *(.fini4)
 *(.fini3)
 *(.fini3)
 *(.fini2)
 *(.fini2)
 *(.fini1)
 *(.fini1)
 *(.fini0)
 .fini0         0x000007d4        0x4 c:/program files (x86)/atmel/avr studio 5.0/avr toolchain/bin/../lib/gcc/avr/4.5.1/avr4\libgcc.a(_exit.o)
 *(.fini0)
                0x000007d8                _etext = .

.data           0x00800100        0x4 load address 0x000007d8
                0x00800100                PROVIDE (__data_start, .)
 *(.data)
 .data          0x00800100        0x0 c:/program files (x86)/atmel/avr studio 5.0/avr toolchain/bin/../lib/gcc/avr/4.5.1/../../../../avr/lib/avr4/crtm88.o
 .data          0x00800100        0x0 Callbacks.o
 .data          0x00800100        0x0 Segments.o
 .data          0x00800100        0x3 main.o
                0x00800100                clignotement_rapide_ok
                0x00800101                nombre
 .data          0x00800103        0x0 TIMERS.o
 .data          0x00800103        0x0 c:/program files (x86)/atmel/avr studio 5.0/avr toolchain/bin/../lib/gcc/avr/4.5.1/avr4\libgcc.a(_divmodhi4.o)
 .data          0x00800103        0x0 c:/program files (x86)/atmel/avr studio 5.0/avr toolchain/bin/../lib/gcc/avr/4.5.1/avr4\libgcc.a(_exit.o)
 .data          0x00800103        0x0 c:/program files (x86)/atmel/avr studio 5.0/avr toolchain/bin/../lib/gcc/avr/4.5.1/avr4\libgcc.a(_copy_data.o)
 .data          0x00800103        0x0 c:/program files (x86)/atmel/avr studio 5.0/avr toolchain/bin/../lib/gcc/avr/4.5.1/avr4\libgcc.a(_clear_bss.o)
 .data          0x00800103        0x0 c:/program files (x86)/atmel/avr studio 5.0/avr toolchain/bin/../lib/gcc/avr/4.5.1/avr4\libgcc.a(_udivmodhi4.o)
 *(.data*)
 *(.rodata)
 *(.rodata*)
 *(.gnu.linkonce.d*)
                0x00800104                . = ALIGN (0x2)
 *fill*         0x00800103        0x1 00
                0x00800104                _edata = .
                0x00800104                PROVIDE (__data_end, .)

.bss            0x00800104       0x50
                0x00800104                PROVIDE (__bss_start, .)
 *(.bss)
 .bss           0x00800104        0x0 c:/program files (x86)/atmel/avr studio 5.0/avr toolchain/bin/../lib/gcc/avr/4.5.1/../../../../avr/lib/avr4/crtm88.o
 .bss           0x00800104        0x0 Callbacks.o
 .bss           0x00800104        0x0 Segments.o
 .bss           0x00800104        0x3 main.o
                0x00800104                bouton_on
                0x00800105                nombre_a_afficher
 .bss           0x00800107        0x0 TIMERS.o
 .bss           0x00800107        0x0 c:/program files (x86)/atmel/avr studio 5.0/avr toolchain/bin/../lib/gcc/avr/4.5.1/avr4\libgcc.a(_divmodhi4.o)
 .bss           0x00800107        0x0 c:/program files (x86)/atmel/avr studio 5.0/avr toolchain/bin/../lib/gcc/avr/4.5.1/avr4\libgcc.a(_exit.o)
 .bss           0x00800107        0x0 c:/program files (x86)/atmel/avr studio 5.0/avr toolchain/bin/../lib/gcc/avr/4.5.1/avr4\libgcc.a(_copy_data.o)
 .bss           0x00800107        0x0 c:/program files (x86)/atmel/avr studio 5.0/avr toolchain/bin/../lib/gcc/avr/4.5.1/avr4\libgcc.a(_clear_bss.o)
 .bss           0x00800107        0x0 c:/program files (x86)/atmel/avr studio 5.0/avr toolchain/bin/../lib/gcc/avr/4.5.1/avr4\libgcc.a(_udivmodhi4.o)
 *(.bss*)
 *(COMMON)
 COMMON         0x00800107       0x3d Callbacks.o
                0x00800107                My_CB
                0x0080011b                tmp_int
                0x0080011c                Time_CB
                0x00800130                TICK_CB
 COMMON         0x00800144        0x2 Segments.o
                0x00800144                nbr
 COMMON         0x00800146        0xe main.o
                0x00800146                ID_bouton
                0x00800147                segment_a_afficher
                0x00800148                nombre1
                0x0080014a                ID_clignotement_rapide
                0x0080014b                ID_relais
                0x0080014c                ID_clignotement
                0x0080014d                nombre2
                0x0080014f                nombre0
                0x00800151                nombre3
                0x00800153                ID_segments
                0x00800154                PROVIDE (__bss_end, .)
                0x000007d8                __data_load_start = LOADADDR (.data)
                0x000007dc                __data_load_end = (__data_load_start + SIZEOF (.data))

.noinit         0x00800154        0x0
                0x00800154                PROVIDE (__noinit_start, .)
 *(.noinit*)
                0x00800154                PROVIDE (__noinit_end, .)
                0x00800154                _end = .
                0x00800154                PROVIDE (__heap_start, .)

.eeprom         0x00810000        0x0
 *(.eeprom*)
                0x00810000                __eeprom_end = .

.fuse
 *(.fuse)
 *(.lfuse)
 *(.hfuse)
 *(.efuse)

.lock
 *(.lock*)

.signature
 *(.signature*)

.stab           0x00000000      0x6cc
 *(.stab)
 .stab          0x00000000      0x6cc c:/program files (x86)/atmel/avr studio 5.0/avr toolchain/bin/../lib/gcc/avr/4.5.1/../../../../avr/lib/avr4/crtm88.o

.stabstr        0x00000000       0x85
 *(.stabstr)
 .stabstr       0x00000000       0x85 c:/program files (x86)/atmel/avr studio 5.0/avr toolchain/bin/../lib/gcc/avr/4.5.1/../../../../avr/lib/avr4/crtm88.o

.stab.excl
 *(.stab.excl)

.stab.exclstr
 *(.stab.exclstr)

.stab.index
 *(.stab.index)

.stab.indexstr
 *(.stab.indexstr)

.comment
 *(.comment)

.debug
 *(.debug)

.line
 *(.line)

.debug_srcinfo
 *(.debug_srcinfo)

.debug_sfnames
 *(.debug_sfnames)

.debug_aranges  0x00000000       0x80
 *(.debug_aranges)
 .debug_aranges
                0x00000000       0x20 Callbacks.o
 .debug_aranges
                0x00000020       0x20 Segments.o
 .debug_aranges
                0x00000040       0x20 main.o
 .debug_aranges
                0x00000060       0x20 TIMERS.o

.debug_pubnames
                0x00000000      0x26c
 *(.debug_pubnames)
 .debug_pubnames
                0x00000000       0xbc Callbacks.o
 .debug_pubnames
                0x000000bc       0x25 Segments.o
 .debug_pubnames
                0x000000e1      0x165 main.o
 .debug_pubnames
                0x00000246       0x26 TIMERS.o

.debug_info     0x00000000      0x5ec
 *(.debug_info)
 .debug_info    0x00000000      0x202 Callbacks.o
 .debug_info    0x00000202       0xa3 Segments.o
 .debug_info    0x000002a5      0x2c9 main.o
 .debug_info    0x0000056e       0x7e TIMERS.o
 *(.gnu.linkonce.wi.*)

.debug_abbrev   0x00000000      0x23d
 *(.debug_abbrev)
 .debug_abbrev  0x00000000       0xd1 Callbacks.o
 .debug_abbrev  0x000000d1       0x6e Segments.o
 .debug_abbrev  0x0000013f       0xb2 main.o
 .debug_abbrev  0x000001f1       0x4c TIMERS.o

.debug_line     0x00000000      0x71c
 *(.debug_line)
 .debug_line    0x00000000      0x1b2 Callbacks.o
 .debug_line    0x000001b2      0x180 Segments.o
 .debug_line    0x00000332      0x2fc main.o
 .debug_line    0x0000062e       0xee TIMERS.o

.debug_frame    0x00000000      0x130
 *(.debug_frame)
 .debug_frame   0x00000000       0x70 Callbacks.o
 .debug_frame   0x00000070       0x20 Segments.o
 .debug_frame   0x00000090       0x80 main.o
 .debug_frame   0x00000110       0x20 TIMERS.o

.debug_str      0x00000000      0x246
 *(.debug_str)
 .debug_str     0x00000000      0x140 Callbacks.o
                                0x174 (size before relaxing)
 .debug_str     0x00000140       0x1f Segments.o
                                 0xdf (size before relaxing)
 .debug_str     0x0000015f       0xc9 main.o
                                0x1d3 (size before relaxing)
 .debug_str     0x00000228       0x1e TIMERS.o
                                 0xe6 (size before relaxing)

.debug_loc
 *(.debug_loc)

.debug_macinfo
 *(.debug_macinfo)
OUTPUT(Test-7-segments_c.elf elf32-avr)
LOAD linker stubs

.debug_pubtypes
                0x00000000       0x6c
 .debug_pubtypes
                0x00000000       0x12 Callbacks.o
 .debug_pubtypes
                0x00000012       0x1e Segments.o
 .debug_pubtypes
                0x00000030       0x1e main.o
 .debug_pubtypes
                0x0000004e       0x1e TIMERS.o
